C51 COMPILER V9.59.0.0   MYNAME                                                            01/19/2019 18:00:27 PAGE 1   


C51 COMPILER V9.59.0.0, COMPILATION OF MODULE MYNAME
OBJECT MODULE PLACED IN .\Objects\myname.obj
COMPILER INVOKED BY: C:\Keil_v5\C51\BIN\C51.EXE myname.c OPTIMIZE(8,SPEED) BROWSE DEBUG OBJECTEXTEND PRINT(.\Listings\my
                    -name.lst) TABS(2) OBJECT(.\Objects\myname.obj)

line level    source

   1          // To display the string "Abhishek P" on a 16X2 LCD display connected to a 
   2          //AT89C51 microcontroller with 12MHz clock.
   3          // The bits D7-D0 are connected to port 2 bits P2.7 - P2.0.
   4          // RS -> P3.0
   5          // E -> P3.2
   6          // R/W -> P3.1
   7          #include<reg51.h>
   8          
   9          void lcdInit(void);
  10          void writeCommand(unsigned char );
  11          void writeData(unsigned char );
  12          void msdelay(unsigned char );
  13          void lcdReady(void);
  14          
  15          
  16          
  17          sbit rs = P3^0;
  18          sbit e = P3^2;
  19          sbit rw = P3^1;
  20          sbit ready = P2^7;
  21          
  22          void main(void){
  23   1        unsigned char myname[] = "Abhishek P";
  24   1        unsigned char count,addcount,address,tempcnt;
  25   1        lcdInit();
  26   1        while(1){
  27   2        for(addcount=0x00;addcount<0x1B;addcount++){
  28   3          if (addcount > 0x0f){
  29   4            address = 0x80;
  30   4            writeCommand(address);
  31   4            for(count = 0;count<=10;count++){
  32   5              tempcnt = count+(addcount-0x0f);
  33   5              if(tempcnt < 0x0A){
  34   6                writeData(myname[tempcnt]);
  35   6              }else{
  36   6                writeData(0x00);
  37   6              }
  38   5            msdelay(100);
  39   5          }
  40   4          }else{
  41   4            address = 0x8F - addcount;
  42   4            writeCommand(address);
  43   4          for(count = 0;count<=10;count++){
  44   5              writeData(myname[count]);
  45   5              msdelay(100);
  46   5          }
  47   4        }
  48   3        }
  49   2      }
  50   1      }
  51          void lcdInit(void){
  52   1          writeCommand(0x38);
  53   1          writeCommand(0x0c);
  54   1          writeCommand(0x01);
C51 COMPILER V9.59.0.0   MYNAME                                                            01/19/2019 18:00:27 PAGE 2   

  55   1          //writeCommand(0x8F);
  56   1          return;
  57   1      }
  58          void writeCommand(unsigned char command){
  59   1          // sends the command to the command register of the lcd.
  60   1          lcdReady(); // check is LCD is ready to receive command
  61   1          P2 = command; // output command on port 2
  62   1          rs = 0; // rs = 0 selects command register in the LCD
  63   1          rw = 0; // rw = 0 writes data into the LCD
  64   1          e = 1;  // high pulse on E
  65   1          msdelay(1); // delay
  66   1          e = 0; // H-to-L transition.
  67   1          return;
  68   1      }
  69          
  70          void writeData(unsigned char databyte){
  71   1          // writes data into the dataregister of lcd display.
  72   1          lcdReady();
  73   1          P2 = databyte;// output data on port 2
  74   1          rs = 1; // rs = 1 selects data register in the LCD
  75   1          rw = 0; // rw = 0 writes data into lcd
  76   1          e = 1; // high pulse on E
  77   1          msdelay(1); // delay
  78   1          e = 0; // H-to-L transition
  79   1          return;
  80   1      }
  81          
  82          void msdelay(unsigned char delay){
  83   1          // max value of delay = 200ms. 
  84   1          unsigned int mcount = 4 * delay; // initailize max count
  85   1          unsigned int count;
  86   1          TMOD = 0x02; // timer 0 in mode 2
  87   1          TH0 = 0x06; // autoreload value to produce 0.25ms delay
  88   1          TR0 = 1; // start counter
  89   1          for(count = 0;count<mcount;count++){
  90   2              while(TF0 == 0);
  91   2              TF0 = 1; // clear overflow flag
  92   2          }
  93   1          TR0 = 0; //stop timer
  94   1          return;
  95   1      }
  96          
  97          void lcdReady(void){
  98   1          // checks if LCD is ready to receive data/commands
  99   1          P2 = 0xFF; // initialises port2 as input port
 100   1          rs = 0; // command register select
 101   1          rw = 1; // read command register
 102   1          while(ready == 1)     // loop while LCD is busy
 103   1          {
 104   2            e = 0;
 105   2            msdelay(2);
 106   2            e = 1;
 107   2          
 108   2          }
 109   1          rw = 0;
 110   1          return;
 111   1      }


MODULE INFORMATION:   STATIC OVERLAYABLE
   CODE SIZE        =    274    ----
   CONSTANT SIZE    =     11    ----
C51 COMPILER V9.59.0.0   MYNAME                                                            01/19/2019 18:00:27 PAGE 3   

   XDATA SIZE       =   ----    ----
   PDATA SIZE       =   ----    ----
   DATA SIZE        =   ----      16
   IDATA SIZE       =   ----    ----
   BIT SIZE         =   ----    ----
END OF MODULE INFORMATION.


C51 COMPILATION COMPLETE.  0 WARNING(S),  0 ERROR(S)
